<html>
<body>
<pre>
<h1>µVision Build Log</h1>
<h2>Tool Versions:</h2>
IDE-Version: ¦ÌVision V5.43.1.0
Copyright (C) 2025 ARM Ltd and ARM Germany GmbH. All rights reserved.
License Information: yoimiya 2995139655@qq.com
°£ÊÇ·¨¹ú
User-based license: Keil MDK Community (non-commercial free of charge)
Valid until: Jun 1 2033. Cached until: Jul 26 2026
 
Tool Versions:
Toolchain:       Keil MDK Community (non-commercial free of charge  Version: 5.43.0.0
Toolchain Path:  C:\Users\29951\AppData\Local\Keil_v5\ARM\ARMCLANG\Bin
C Compiler:      ArmClang.exe V6.24
Assembler:       Armasm.exe V6.24
Linker/Locator:  ArmLink.exe V6.24
Library Manager: ArmAr.exe V6.24
Hex Converter:   FromElf.exe V6.24
CPU DLL:         SARMCM3.DLL V5.43.0.0
Dialog DLL:      DCM.DLL V1.17.5.0
Target DLL:      STLink\ST-LINKIII-KEIL_SWO.dll V3.3.1.0
Dialog DLL:      TCM.DLL V1.56.6.0
 
<h2>Project:</h2>
E:\Projects\CAN_DISPLAY_NOVA\MDK-ARM\CAN_DISPLAY_NOVA.uvprojx
Project File Date:  07/19/2026

<h2>Output:</h2>
*** Using Compiler 'V6.24', folder: 'C:\Users\29951\AppData\Local\Keil_v5\ARM\ARMCLANG\Bin'
Rebuild target 'CAN_DISPLAY_NOVA'
compiling main.c...
assembling startup_stm32f103xb.s...
compiling can.c...
compiling spi.c...
compiling stm32f1xx_hal_timebase_tim.c...
compiling stm32f1xx_hal_msp.c...
compiling gpio.c...
compiling stm32f1xx_hal.c...
compiling stm32f1xx_it.c...
compiling stm32f1xx_hal_gpio_ex.c...
compiling freertos.c...
compiling stm32f1xx_hal_rcc.c...
compiling stm32f1xx_hal_can.c...
compiling stm32f1xx_hal_rcc_ex.c...
compiling stm32f1xx_hal_gpio.c...
compiling stm32f1xx_hal_tim_ex.c...
compiling stm32f1xx_hal_cortex.c...
compiling croutine.c...
compiling stm32f1xx_hal_pwr.c...
compiling list.c...
compiling stm32f1xx_hal_flash.c...
compiling system_stm32f1xx.c...
compiling stm32f1xx_hal_dma.c...
compiling stm32f1xx_hal_exti.c...
compiling stm32f1xx_hal_flash_ex.c...
compiling stm32f1xx_hal_tim.c...
compiling event_groups.c...
compiling heap_4.c...
compiling port.c...
compiling stream_buffer.c...
compiling timers.c...
compiling queue.c...
compiling stm32f1xx_hal_spi.c...
compiling cmsis_os2.c...
compiling tasks.c...
linking...
Program Size: Code=14048 RO-data=368 RW-data=16 ZI-data=17248  
FromELF: creating hex file...
After Build - User command #1: fromelf --bin -o ..\BIN\BOOT.bin .\CAN_DISPLAY\CAN_DISPLAY.axf
".\CAN_DISPLAY\CAN_DISPLAY.axf": Error: Q0122E: Could not open file '.\CAN_DISPLAY\CAN_DISPLAY.axf': No such file or directory
Finished: 0 information, 0 warning and 1 error messages.
"CAN_DISPLAY_NOVA\CAN_DISPLAY_NOVA.axf" - 0 Error(s), 0 Warning(s).

<h2>Software Packages used:</h2>

Package Vendor: ARM
                https://www.keil.com/pack/ARM.CMSIS.6.2.0.pack
                ARM::CMSIS@6.2.0
                CMSIS (Common Microcontroller Software Interface Standard)
   * Component: CORE Version: 6.1.1

Package Vendor: Keil
                https://www.keil.com/pack/Keil.STM32F1xx_DFP.2.4.1.pack
                Keil::STM32F1xx_DFP@2.4.1
                STMicroelectronics STM32F1 Series Device Support, Drivers and Examples

<h2>Collection of Component include folders:</h2>
  ./RTE/_CAN_DISPLAY_NOVA
  C:/Users/29951/AppData/Local/Arm/Packs/ARM/CMSIS/6.2.0/CMSIS/Core/Include
  C:/Users/29951/AppData/Local/Arm/Packs/Keil/STM32F1xx_DFP/2.4.1/Device/Include

<h2>Collection of Component Files used:</h2>

   * Component: ARM::CMSIS:CORE@6.1.1
      Include file:  CMSIS/Core/Include/tz_context.h
Build Time Elapsed:  00:00:01
</pre>
</body>
</html>
