<html>
<body>
<pre>
<h1>µVision Build Log</h1>
<h2>Tool Versions:</h2>
IDE-Version: ¦ÌVision V5.43.1.0
Copyright (C) 2025 ARM Ltd and ARM Germany GmbH. All rights reserved.
License Information: gsg 2995139655@qq.com
tjtawf
User-based license: Keil MDK Community (non-commercial free of charge)
Valid until: Jun 1 2033. Cached until: Jun 15 2026
 
Tool Versions:
Toolchain:       Keil MDK Community (non-commercial free of charge  Version: 5.43.0.0
Toolchain Path:  C:\Users\29951\AppData\Local\Keil_v5\ARM\ARMCLANG\Bin
C Compiler:      ArmClang.exe V6.24
Assembler:       Armasm.exe V6.24
Linker/Locator:  ArmLink.exe V6.24
Library Manager: ArmAr.exe V6.24
Hex Converter:   FromElf.exe V6.24
CPU DLL:         SARMCM3.DLL V5.43.0.0
Dialog DLL:      DCM.DLL V1.17.5.0
Target DLL:      STLink\ST-LINKIII-KEIL_SWO.dll V3.3.1.0
Dialog DLL:      TCM.DLL V1.56.6.0
 
<h2>Project:</h2>
C:\Users\29951\Documents\Projects\bootloader\bootloader\MDK-ARM\bootloader.uvprojx
Project File Date:  06/11/2026

<h2>Output:</h2>
*** Using Compiler 'V6.24', folder: 'C:\Users\29951\AppData\Local\Keil_v5\ARM\ARMCLANG\Bin'
Rebuild target 'bootloader'
assembling startup_stm32f103xb.s...
compiling dma.c...
compiling gpio.c...
compiling stm32f1xx_hal_msp.c...
compiling stm32f1xx_hal_timebase_tim.c...
compiling spi.c...
compiling usart.c...
compiling stm32f1xx_it.c...
compiling can.c...
compiling screen.c...
../Core/Src/main.c(91): warning: passing 'volatile uint8_t[8]' (aka 'volatile unsigned char[8]') to parameter of type 'uint8_t *' (aka 'unsigned char *') discards qualifiers [-Wincompatible-pointer-types-discards-qualifiers]
   91 |   if (HAL_CAN_GetRxMessage(hcan, CAN_RX_FIFO0, &rxHeader, FIFO0_recevie_buf) ==
      |                                                           ^~~~~~~~~~~~~~~~~
../Drivers/STM32F1xx_HAL_Driver/Inc\stm32f1xx_hal_can.h(695): note: passing argument to parameter 'aData' here
  695 |                                        CAN_RxHeaderTypeDef *pHeader, uint8_t aData[]);
      |                                                                              ^
../Core/Src/main.c(93): warning: passing 'volatile uint8_t[8]' (aka 'volatile unsigned char[8]') to parameter of type 'const void *' discards qualifiers [-Wincompatible-pointer-types-discards-qualifiers]
   93 |     memcpy(CAN_RX_data + CAN_RX_data_index, FIFO0_recevie_buf, 8);
      |                                             ^~~~~~~~~~~~~~~~~
C:\Users\29951\AppData\Local\Keil_v5\ARM\ARMCLANG\bin\..\include\string.h(59): note: passing argument to parameter here
   59 |                     const void * __restrict /*s2*/, size_t /*n*/) __attribute__((__nonnull__(1,2)));
      |                                                   ^
2 warnings generated.
compiling main.c...
compiling modbus.c...
compiling stm32f1xx_hal_gpio_ex.c...
compiling stm32f1xx_hal.c...
compiling stm32f1xx_hal_rcc_ex.c...
compiling stm32f1xx_hal_gpio.c...
compiling stm32f1xx_hal_dma.c...
compiling stm32f1xx_hal_can.c...
compiling stm32f1xx_hal_rcc.c...
compiling stm32f1xx_hal_pwr.c...
compiling stm32f1xx_hal_flash.c...
compiling stm32f1xx_hal_cortex.c...
compiling stm32f1xx_hal_tim_ex.c...
compiling stm32f1xx_hal_flash_ex.c...
compiling stm32f1xx_hal_exti.c...
compiling system_stm32f1xx.c...
compiling stm32f1xx_hal_tim.c...
compiling stm32f1xx_hal_spi.c...
compiling stm32f1xx_hal_uart.c...
linking...
Program Size: Code=16768 RO-data=312 RW-data=544 ZI-data=3160  
FromELF: creating hex file...
After Build - User command #1: fromelf --bin -o .\MDK\BOOT.bin .\bootloader\bootloader.axf
"bootloader\bootloader.axf" - 0 Error(s), 2 Warning(s).

<h2>Software Packages used:</h2>

Package Vendor: ARM
                https://www.keil.com/pack/ARM.CMSIS.6.2.0.pack
                ARM::CMSIS@6.2.0
                CMSIS (Common Microcontroller Software Interface Standard)
   * Component: CORE Version: 6.1.1

Package Vendor: Keil
                https://www.keil.com/pack/Keil.STM32F1xx_DFP.2.4.1.pack
                Keil::STM32F1xx_DFP@2.4.1
                STMicroelectronics STM32F1 Series Device Support, Drivers and Examples

<h2>Collection of Component include folders:</h2>
  ./RTE/_bootloader
  C:/Users/29951/AppData/Local/arm/packs/ARM/CMSIS/6.2.0/CMSIS/Core/Include
  C:/Users/29951/AppData/Local/arm/packs/Keil/STM32F1xx_DFP/2.4.1/Device/Include

<h2>Collection of Component Files used:</h2>

   * Component: ARM::CMSIS:CORE@6.1.1
      Include file:  CMSIS/Core/Include/tz_context.h
Build Time Elapsed:  00:00:03
</pre>
</body>
</html>
